Copyright 1986-2018 Xilinx, Inc. All Rights Reserved.
----------------------------------------------------------------------------------------
| Tool Version : Vivado v.2018.2 (win64) Build 2258646 Thu Jun 14 20:03:12 MDT 2018
| Date         : Tue Nov  4 20:00:20 2025
| Host         : Bruce-Wayn running 64-bit major release  (build 9200)
| Command      : report_control_sets -verbose -file Top_student_control_sets_placed.rpt
| Design       : Top_student
| Device       : xc7a35t
----------------------------------------------------------------------------------------

Control Set Information

Table of Contents
-----------------
1. Summary
2. Histogram
3. Flip-Flop Distribution
4. Detailed Control Set Information

1. Summary
----------

+----------------------------------------------------------+-------+
|                          Status                          | Count |
+----------------------------------------------------------+-------+
| Number of unique control sets                            |    89 |
| Unused register locations in slices containing registers |   260 |
+----------------------------------------------------------+-------+


2. Histogram
------------

+--------+--------------+
| Fanout | Control Sets |
+--------+--------------+
|      2 |            2 |
|      8 |           12 |
|     10 |           11 |
|     12 |           20 |
|     14 |           20 |
|    16+ |           24 |
+--------+--------------+


3. Flip-Flop Distribution
-------------------------

+--------------+-----------------------+------------------------+-----------------+--------------+
| Clock Enable | Synchronous Set/Reset | Asynchronous Set/Reset | Total Registers | Total Slices |
+--------------+-----------------------+------------------------+-----------------+--------------+
| No           | No                    | No                     |             288 |           76 |
| No           | No                    | Yes                    |              44 |            9 |
| No           | Yes                   | No                     |             182 |           31 |
| Yes          | No                    | No                     |             866 |          214 |
| Yes          | No                    | Yes                    |              80 |           16 |
| Yes          | Yes                   | No                     |             680 |          129 |
+--------------+-----------------------+------------------------+-----------------+--------------+


4. Detailed Control Set Information
-----------------------------------

+---------------------------+------------------------------------------------------------------------------------+--------------------------------------------------------------------+------------------+----------------+
|        Clock Signal       |                                    Enable Signal                                   |                          Set/Reset Signal                          | Slice Load Count | Bel Load Count |
+---------------------------+------------------------------------------------------------------------------------+--------------------------------------------------------------------+------------------+----------------+
|  st/pl/star/starship_flag |                                                                                    |                                                                    |                1 |              2 |
| ~clk_625_BUFG             |                                                                                    |                                                                    |                1 |              2 |
|  clk_IBUF_BUFG            |                                                                                    |                                                                    |                1 |              8 |
|  clk_625_BUFG             |                                                                                    | st/en/oled_data_reg[9]_0                                           |                1 |              8 |
|  clk_625_BUFG             | st/pl/enemy_package_inst/u_enemy_master/enemy4/enemy_move_inst/anchor_x_reg[1]_1   | st/pl/enemy_package_inst/u_enemy_master/u_reset/anchor_x_reg[4]_2  |                1 |              8 |
|  clk_625_BUFG             | st/pl/enemy_package_inst/u_enemy_master/enemy3/enemy_move_inst/anchor_x_reg[1]_1   | st/pl/enemy_package_inst/u_enemy_master/u_reset/anchor_x_reg[4]_1  |                2 |              8 |
|  clk_625_BUFG             | st/pl/enemy_package_inst/u_enemy_master/enemy5/enemy_move_inst/anchor_x_reg[1]_1   | st/pl/enemy_package_inst/u_enemy_master/u_reset/anchor_x_reg[4]_3  |                2 |              8 |
|  clk_625_BUFG             | st/pl/enemy_package_inst/u_enemy_master/enemy24/enemy_move2_inst/anchor_x_reg[1]_1 | st/pl/enemy_package_inst/u_enemy_master/u_reset2/anchor_x_reg[4]_2 |                1 |              8 |
|  clk_625_BUFG             | st/pl/enemy_package_inst/u_enemy_master/enemy1/enemy_move_inst/anchor_x_reg[1]_0   | st/pl/enemy_package_inst/u_enemy_master/u_reset/anchor_x_reg[4]_0  |                2 |              8 |
|  clk_625_BUFG             | st/pl/enemy_package_inst/u_enemy_master/enemy21/enemy_move2_inst/anchor_x_reg[1]_0 | st/pl/enemy_package_inst/u_enemy_master/u_reset2/anchor_x_reg[4]   |                2 |              8 |
|  clk_625_BUFG             | st/pl/enemy_package_inst/u_enemy_master/enemy22/enemy_move2_inst/anchor_x_reg[1]_1 | st/pl/enemy_package_inst/u_enemy_master/u_reset2/anchor_x_reg[4]_0 |                3 |              8 |
|  clk_625_BUFG             | st/pl/enemy_package_inst/u_enemy_master/enemy23/enemy_move2_inst/anchor_x_reg[1]_1 | st/pl/enemy_package_inst/u_enemy_master/u_reset2/anchor_x_reg[4]_1 |                1 |              8 |
|  clk_625_BUFG             | st/pl/enemy_package_inst/u_enemy_master/enemy25/enemy_move2_inst/anchor_x_reg[1]_1 | st/pl/enemy_package_inst/u_enemy_master/u_reset2/anchor_x_reg[4]_3 |                2 |              8 |
|  clk_625_BUFG             | st/pl/enemy_package_inst/u_enemy_master/enemy2/enemy_move_inst/anchor_x_reg[1]_1   | st/pl/enemy_package_inst/u_enemy_master/u_reset/anchor_x_reg[4]    |                2 |              8 |
|  clk_625_BUFG             | st/pl/enemy_package_inst/u_enemy_master/u_reset/anchor_x_reg[7]_1                  | st/pl/enemy_package_inst/u_enemy_master/u_reset/kill_all_pulse_0   |                3 |             10 |
|  clk_625_BUFG             | st/pl/enemy_package_inst/u_enemy_master/u_reset/anchor_x_reg[7]_3                  | st/pl/enemy_package_inst/u_enemy_master/u_reset/kill_all_pulse_0   |                2 |             10 |
|  clk_625_BUFG             | st/pl/enemy_package_inst/u_enemy_master/u_reset/anchor_x_reg[7]_2                  | st/pl/enemy_package_inst/u_enemy_master/u_reset/kill_all_pulse_0   |                3 |             10 |
|  clk_625_BUFG             | st/pl/enemy_package_inst/u_enemy_master/u_reset/anchor_x_reg[7]                    | st/pl/enemy_package_inst/u_enemy_master/u_reset/kill_all_pulse_0   |                3 |             10 |
|  clk_625_BUFG             | st/pl/enemy_package_inst/u_enemy_master/u_reset/anchor_x_reg[7]_0                  | st/pl/enemy_package_inst/u_enemy_master/u_reset/kill_all_pulse_0   |                2 |             10 |
|  clk_625_BUFG             | st/pl/bu/frame_count0350_out                                                       | st/pl/bu/fire                                                      |                2 |             10 |
|  clk_625_BUFG             | st/pl/enemy_package_inst/u_enemy_master/u_reset2/anchor_x_reg[7]_4                 | st/pl/enemy_package_inst/u_enemy_master/u_reset/kill_all_pulse_0   |                3 |             10 |
|  clk_625_BUFG             | st/pl/enemy_package_inst/u_enemy_master/u_reset2/anchor_x_reg[7]_2                 | st/pl/enemy_package_inst/u_enemy_master/u_reset/kill_all_pulse_0   |                3 |             10 |
|  clk_625_BUFG             | st/pl/enemy_package_inst/u_enemy_master/u_reset2/anchor_x_reg[7]_1                 | st/pl/enemy_package_inst/u_enemy_master/u_reset/kill_all_pulse_0   |                2 |             10 |
|  clk_625_BUFG             | st/pl/enemy_package_inst/u_enemy_master/u_reset2/anchor_x_reg[7]_3                 | st/pl/enemy_package_inst/u_enemy_master/u_reset/kill_all_pulse_0   |                3 |             10 |
|  clk_625_BUFG             | st/pl/enemy_package_inst/u_enemy_master/u_reset2/anchor_x_reg[7]_0                 | st/pl/enemy_package_inst/u_enemy_master/u_reset/kill_all_pulse_0   |                2 |             10 |
|  clk_625_BUFG             | st/pl/enemy_package_inst/u_enemy_master/u_reset/random_num_5[5]_i_1_n_0            |                                                                    |                2 |             12 |
|  clk_625_BUFG             | st/pl/enemy_package_inst/u_enemy_master/u_reset/random_num_2[5]_i_1_n_0            |                                                                    |                3 |             12 |
|  clk_625_BUFG             | st/pl/enemy_package_inst/u_enemy_master/u_reset/random_num_3[5]_i_1_n_0            |                                                                    |                3 |             12 |
|  clk_625_BUFG             | st/pl/enemy_package_inst/u_enemy_master/u_reset/random_num_4[5]_i_1_n_0            |                                                                    |                2 |             12 |
|  clk_625_BUFG             | st/en/y[5]_i_1_n_0                                                                 | oled/frame_begin                                                   |                2 |             12 |
|  clk_625_BUFG             | st/pl/enemy_package_inst/u_enemy_master/u_reset/random_num_1[5]_i_1_n_0            |                                                                    |                1 |             12 |
|  clk_625_BUFG             | st/pl/enemy_package_inst/u_enemy_master/u_reset/anchor_y_reg[0]_2[0]               |                                                                    |                3 |             12 |
|  clk_625_BUFG             | st/pl/enemy_package_inst/u_enemy_master/u_reset/E[0]                               |                                                                    |                2 |             12 |
|  clk_625_BUFG             | st/pl/enemy_package_inst/u_enemy_master/u_reset/anchor_y_reg[0][0]                 |                                                                    |                3 |             12 |
|  clk_625_BUFG             | st/pl/enemy_package_inst/u_enemy_master/u_reset/accept                             |                                                                    |                2 |             12 |
|  clk_625_BUFG             | st/pl/enemy_package_inst/u_enemy_master/u_reset/anchor_y_reg[0]_0[0]               |                                                                    |                3 |             12 |
|  clk_625_BUFG             | st/pl/enemy_package_inst/u_enemy_master/u_reset2/accept                            |                                                                    |                2 |             12 |
|  clk_625_BUFG             | st/pl/enemy_package_inst/u_enemy_master/u_reset2/random_num_4[5]_i_1__0_n_0        |                                                                    |                3 |             12 |
|  clk_625_BUFG             | st/pl/enemy_package_inst/u_enemy_master/u_reset2/random_num_1[5]_i_1__0_n_0        |                                                                    |                2 |             12 |
|  clk_625_BUFG             | st/pl/enemy_package_inst/u_enemy_master/u_reset2/random_num_5[5]_i_1__0_n_0        |                                                                    |                4 |             12 |
|  clk_625_BUFG             | st/pl/enemy_package_inst/u_enemy_master/u_reset2/random_num_3[5]_i_1__0_n_0        |                                                                    |                3 |             12 |
|  clk_625_BUFG             | st/pl/enemy_package_inst/u_enemy_master/u_reset2/random_num_2[5]_i_1__0_n_0        |                                                                    |                4 |             12 |
|  clk_625_BUFG             | st/pl/hp/HP[5]_i_1_n_0                                                             | st/reset                                                           |                2 |             12 |
|  clk_625_BUFG             | st/pl/sc/counter[15]_i_1_n_0                                                       |                                                                    |                2 |             12 |
|  clk_625_BUFG             | st/pl/enemy_package_inst/u_enemy_master/u_reset/anchor_y_reg[0]_1[0]               |                                                                    |                2 |             12 |
|  clk_625_BUFG             | st/pl/enemy_package_inst/u_enemy_master/enemy2/anchor_y_reg[6]_2[0]                |                                                                    |                3 |             14 |
|  clk_625_BUFG             | st/pl/bu/bullet_xy_array[230]_i_2_n_0                                              | st/pl/bu/bullet_xy_array[230]_i_1_n_0                              |                2 |             14 |
|  clk_625_BUFG             | st/pl/bu/bullet_xy_array[27]_i_1_n_0                                               |                                                                    |                4 |             14 |
|  clk_625_BUFG             | st/pl/bu/bullet_xy_array[62]_i_2_n_0                                               | st/pl/bu/bullet_xy_array[62]_i_1_n_0                               |                4 |             14 |
|  clk_625_BUFG             | st/pl/bu/bullet_xy_array[69]_i_1_n_0                                               |                                                                    |                4 |             14 |
|  clk_625_BUFG             | st/pl/enemy_package_inst/u_enemy_master/enemy2/anchor_y_reg[6][0]                  |                                                                    |                3 |             14 |
|  clk_625_BUFG             | st/pl/bu/bullet_xy_array[20]_i_2_n_0                                               | st/pl/bu/bullet_xy_array[20]_i_1_n_0                               |                3 |             14 |
|  clk_625_BUFG             | st/pl/bu/bullet_xy_array[195]_i_1_n_0                                              |                                                                    |                4 |             14 |
|  clk_625_BUFG             | st/pl/bu/bullet_xy_array[237]_i_1_n_0                                              |                                                                    |                7 |             14 |
|  clk_625_BUFG             | st/pl/bu/bullet_xy_array[104]_i_2_n_0                                              | st/pl/bu/bullet_xy_array[104]_i_1_n_0                              |                5 |             14 |
|  clk_625_BUFG             | st/pl/bu/bullet_xy_array[188]_i_2_n_0                                              | st/pl/bu/bullet_xy_array[188]_i_1_n_0                              |                4 |             14 |
|  clk_625_BUFG             | st/pl/bu/bullet_xy_array[146]_i_2_n_0                                              | st/pl/bu/bullet_xy_array[146]_i_1_n_0                              |                4 |             14 |
|  clk_625_BUFG             | st/pl/bu/bullet_xy_array[111]_i_1_n_0                                              |                                                                    |                7 |             14 |
|  clk_625_BUFG             | st/pl/bu/bullet_xy_array[153]_i_1_n_0                                              |                                                                    |                5 |             14 |
|  clk_625_BUFG             | st/pl/bu/bullet_xy_array[279]_i_1_n_0                                              |                                                                    |                4 |             14 |
|  clk_625_BUFG             | st/pl/bu/bullet_xy_array[272]_i_2_n_0                                              | st/pl/bu/bullet_xy_array[272]_i_1_n_0                              |                4 |             14 |
|  clk_625_BUFG             | st/pl/star/centre_y[6]_i_1_n_0                                                     | st/reset                                                           |                4 |             14 |
|  clk_625_BUFG             | st/pl/enemy_package_inst/u_enemy_master/enemy2/E[0]                                |                                                                    |                4 |             14 |
|  clk_625_BUFG             | st/pl/enemy_package_inst/u_enemy_master/enemy2/anchor_y_reg[6]_1[0]                |                                                                    |                2 |             14 |
|  clk_625_BUFG             | st/pl/enemy_package_inst/u_enemy_master/enemy2/anchor_y_reg[6]_0[0]                |                                                                    |                2 |             14 |
|  clk_625_BUFG             | oled/E[0]                                                                          | oled/frame_begin                                                   |                6 |             16 |
|  clk_625_BUFG             |                                                                                    | st/pl/enemy_package_inst/u_enemy_master/u_reset/kill_all_pulse_0   |                4 |             20 |
|  clk_625_BUFG             |                                                                                    | st/pl/sc/counter[15]_i_1_n_0                                       |                4 |             30 |
| ~clk_625_BUFG             |                                                                                    | oled/frame_counter[16]_i_1_n_0                                     |                5 |             34 |
| ~clk_625_BUFG             | oled/delay[0]_i_1_n_0                                                              |                                                                    |                5 |             40 |
|  clk_625_BUFG             |                                                                                    | st/reset                                                           |                9 |             44 |
|  clk_625_BUFG             | st/u0/counter[0]_i_1__1_n_0                                                        | st/u0/btn_pulse0                                                   |                6 |             46 |
|  clk_625_BUFG             | st/pl/enemy_package_inst/u_move_pulse/cnt_reg[0]_0                                 | st/pl/enemy_package_inst/u_enemy_master/u_reset/cnt                |                6 |             46 |
|  clk_625_BUFG             | st/u1/counter[0]_i_1__2_n_0                                                        | st/u1/btn_pulse0                                                   |                6 |             46 |
|  clk_625_BUFG             | st/di/cnt_reg[24]                                                                  | st/pl/enemy_package_inst/u_enemy_master/u_reset2/pulse_valid_d0    |                7 |             50 |
|  clk_625_BUFG             | st/pl/bu/CD[0]_i_2_n_0                                                             | st/pl/bu/p_1_in                                                    |                7 |             50 |
|  clk_625_BUFG             | st/pl/bu/bullet_xy_array[209]_i_1_n_0                                              |                                                                    |               14 |             54 |
|  clk_625_BUFG             | st/pl/hp/shield_counter[30]_i_1_n_0                                                | st/reset                                                           |               10 |             54 |
|  clk_625_BUFG             | st/pl/bu/bullet_xy_array[167]_i_1_n_0                                              |                                                                    |               12 |             54 |
|  clk_625_BUFG             | st/pl/bu/bullet_xy_array[41]_i_1_n_0                                               |                                                                    |               17 |             54 |
|  clk_625_BUFG             | st/pl/bu/bullet_xy_array[293]_i_1_n_0                                              |                                                                    |               17 |             54 |
|  clk_625_BUFG             | st/pl/bu/bullet_xy_array[251]_i_1_n_0                                              |                                                                    |               17 |             54 |
|  clk_625_BUFG             | st/pl/bu/bullet_xy_array[125]_i_1_n_0                                              |                                                                    |               14 |             54 |
|  clk_625_BUFG             | st/pl/bu/bullet_xy_array[83]_i_1_n_0                                               |                                                                    |               13 |             54 |
|  clk_625_BUFG             | st/di/state[1]                                                                     | st/di/counter[30]_i_1_n_0                                          |                9 |             62 |
|  clk_625_BUFG             | st/pl/enemy_package_inst/u_move_pulse/cnt_reg[0]_0                                 | st/pl/enemy_package_inst/u_move_pulse/cnt[0]_i_1_n_0               |                8 |             64 |
| ~clk_625_BUFG             | oled/state                                                                         |                                                                    |               10 |             64 |
| ~clk_625_BUFG             |                                                                                    | oled/spi_word[39]_i_1_n_0                                          |               17 |             90 |
|  clk_625_BUFG             |                                                                                    |                                                                    |               73 |            276 |
+---------------------------+------------------------------------------------------------------------------------+--------------------------------------------------------------------+------------------+----------------+


