Copyright 1986-2018 Xilinx, Inc. All Rights Reserved.
----------------------------------------------------------------------------------------
| Tool Version : Vivado v.2018.2 (win64) Build 2258646 Thu Jun 14 20:03:12 MDT 2018
| Date         : Tue Nov  4 18:08:44 2025
| Host         : Bruce-Wayn running 64-bit major release  (build 9200)
| Command      : report_control_sets -verbose -file Top_student_control_sets_placed.rpt
| Design       : Top_student
| Device       : xc7a35t
----------------------------------------------------------------------------------------

Control Set Information

Table of Contents
-----------------
1. Summary
2. Histogram
3. Flip-Flop Distribution
4. Detailed Control Set Information

1. Summary
----------

+----------------------------------------------------------+-------+
|                          Status                          | Count |
+----------------------------------------------------------+-------+
| Number of unique control sets                            |   108 |
| Unused register locations in slices containing registers |   340 |
+----------------------------------------------------------+-------+


2. Histogram
------------

+--------+--------------+
| Fanout | Control Sets |
+--------+--------------+
|      2 |            1 |
|      8 |           16 |
|     10 |           16 |
|     12 |           20 |
|     14 |           22 |
|    16+ |           33 |
+--------+--------------+


3. Flip-Flop Distribution
-------------------------

+--------------+-----------------------+------------------------+-----------------+--------------+
| Clock Enable | Synchronous Set/Reset | Asynchronous Set/Reset | Total Registers | Total Slices |
+--------------+-----------------------+------------------------+-----------------+--------------+
| No           | No                    | No                     |             432 |          101 |
| No           | No                    | Yes                    |              44 |           10 |
| No           | Yes                   | No                     |             254 |           45 |
| Yes          | No                    | No                     |             392 |           78 |
| Yes          | No                    | Yes                    |              78 |           15 |
| Yes          | Yes                   | No                     |            1268 |          260 |
+--------------+-----------------------+------------------------+-----------------+--------------+


4. Detailed Control Set Information
-----------------------------------

+----------------+----------------------------------------------------------------------------------------------+--------------------------------------------------------------------------------------------------------------+------------------+----------------+
|  Clock Signal  |                                         Enable Signal                                        |                                               Set/Reset Signal                                               | Slice Load Count | Bel Load Count |
+----------------+----------------------------------------------------------------------------------------------+--------------------------------------------------------------------------------------------------------------+------------------+----------------+
| ~clk_625_BUFG  |                                                                                              |                                                                                                              |                1 |              2 |
|  clk_IBUF_BUFG |                                                                                              |                                                                                                              |                1 |              8 |
|  clk_625_BUFG  | st/pl/enemy_package_inst/u_enemy_master/enemy2/enemy_move_inst/anchor_x_reg[1]_0             | st/pl/enemy_package_inst/u_enemy_master/u_reset/anchor_x_reg[4]_0                                            |                2 |              8 |
|  clk_625_BUFG  | st/pl/enemy_package_inst/u_enemy_master/enemy5/enemy_move_inst/anchor_x_reg[1]_0             | st/pl/enemy_package_inst/u_enemy_master/u_reset/anchor_x_reg[4]_3                                            |                2 |              8 |
|  clk_625_BUFG  | st/pl/enemy_package_inst/u_enemy_master/enemy25/enemy_move2_inst/anchor_x_reg[1]_0           | st/pl/enemy_package_inst/u_enemy_master/u_reset2/anchor_x_reg[4]_2                                           |                2 |              8 |
|  clk_625_BUFG  | st/pl/sc/d[0]_i_1_n_0                                                                        | st/pl/sc/d                                                                                                   |                1 |              8 |
|  clk_625_BUFG  | st/pl/sc/c                                                                                   | st/pl/sc/d                                                                                                   |                1 |              8 |
|  clk_625_BUFG  | st/pl/enemy_package_inst/u_move_pulse/anchor_x_reg[6][0]                                     | st/pl/enemy_package_inst/u_enemy_master/boss_unit_inst/boss_move_inst/anchor_x[6]_i_1_n_0                    |                1 |              8 |
|  clk_625_BUFG  | st/pl/sc/b                                                                                   | st/pl/sc/d                                                                                                   |                1 |              8 |
|  clk_625_BUFG  | st/pl/sc/a0                                                                                  | st/pl/sc/d                                                                                                   |                1 |              8 |
|  clk_625_BUFG  | st/pl/enemy_package_inst/u_enemy_master/enemy24/enemy_move2_inst/anchor_x_reg[1]_0           | st/pl/enemy_package_inst/u_enemy_master/u_reset2/anchor_x_reg[4]_1                                           |                1 |              8 |
|  clk_625_BUFG  | st/pl/enemy_package_inst/u_enemy_master/enemy21/enemy_move2_inst/anchor_x_reg[1]_0           | st/pl/enemy_package_inst/u_enemy_master/u_reset2/anchor_x_reg[4]                                             |                1 |              8 |
|  clk_625_BUFG  | st/pl/enemy_package_inst/u_enemy_master/enemy4/enemy_move_inst/anchor_x_reg[1]_0             | st/pl/enemy_package_inst/u_enemy_master/u_reset/anchor_x_reg[4]_2                                            |                2 |              8 |
|  clk_625_BUFG  | st/pl/enemy_package_inst/u_enemy_master/enemy3/enemy_move_inst/anchor_x_reg[1]_0             | st/pl/enemy_package_inst/u_enemy_master/u_reset/anchor_x_reg[4]_1                                            |                2 |              8 |
|  clk_625_BUFG  | st/pl/enemy_package_inst/u_enemy_master/enemy22/enemy_move2_inst/anchor_x_reg[1]_0           | st/pl/enemy_package_inst/u_enemy_master/u_reset2/anchor_x_reg[4]_0                                           |                1 |              8 |
|  clk_625_BUFG  | st/pl/enemy_package_inst/u_enemy_master/enemy23/enemy_move2_inst/E[0]                        | st/pl/enemy_package_inst/u_enemy_master/u_reset2/SS[0]                                                       |                2 |              8 |
|  clk_625_BUFG  | st/pl/enemy_package_inst/u_enemy_master/enemy1/enemy_move_inst/anchor_x_reg[1]_0             | st/pl/enemy_package_inst/u_enemy_master/u_reset/anchor_x_reg[4]                                              |                2 |              8 |
|  clk_625_BUFG  | st/pl/enemy_package_inst/u_enemy_master/u_reset2/anchor_x_reg[7]_1                           | st/pl/enemy_package_inst/u_enemy_master/u_reset/kill_all_pulse_0                                             |                2 |             10 |
|  clk_625_BUFG  | st/pl/enemy_package_inst/u_enemy_master/u_reset/anchor_x_reg[7]                              | st/pl/enemy_package_inst/u_enemy_master/u_reset/kill_all_pulse_0                                             |                3 |             10 |
|  clk_625_BUFG  | st/pl/enemy_package_inst/u_enemy_master/u_reset/anchor_x_reg[7]_1                            | st/pl/enemy_package_inst/u_enemy_master/u_reset/kill_all_pulse_0                                             |                2 |             10 |
|  clk_625_BUFG  |                                                                                              | st/pl/sc/__7/i__n_0                                                                                          |                1 |             10 |
|  clk_625_BUFG  | st/pl/enemy_package_inst/u_enemy_master/u_reset/anchor_x_reg[7]_2                            | st/pl/enemy_package_inst/u_enemy_master/u_reset/kill_all_pulse_0                                             |                2 |             10 |
|  clk_625_BUFG  |                                                                                              | st/pl/sc/seg3[6]_i_1_n_0                                                                                     |                2 |             10 |
|  clk_625_BUFG  |                                                                                              | st/pl/sc/seg1[6]_i_1_n_0                                                                                     |                2 |             10 |
|  clk_625_BUFG  |                                                                                              | st/pl/sc/seg2[6]_i_1_n_0                                                                                     |                2 |             10 |
|  clk_625_BUFG  | st/pl/enemy_package_inst/u_enemy_master/u_reset/anchor_x_reg[7]_3                            | st/pl/enemy_package_inst/u_enemy_master/u_reset/kill_all_pulse_0                                             |                2 |             10 |
|  clk_625_BUFG  | st/pl/enemy_package_inst/u_enemy_master/u_reset/anchor_x_reg[7]_0                            | st/pl/enemy_package_inst/u_enemy_master/u_reset/kill_all_pulse_0                                             |                2 |             10 |
|  clk_625_BUFG  | st/pl/bu/frame_count0350_out                                                                 | st/pl/bu/fire                                                                                                |                2 |             10 |
|  clk_625_BUFG  | st/pl/enemy_package_inst/u_enemy_master/boss_unit_inst/boss_move_inst/anchor_x[8]_i_2__8_n_0 | st/pl/enemy_package_inst/u_enemy_master/u_reset/kill_all_pulse                                               |                3 |             10 |
|  clk_625_BUFG  | st/pl/enemy_package_inst/anchor_x[8]_i_1_n_0                                                 | st/pl/enemy_package_inst/u_enemy_master/u_reset/kill_all_pulse_0                                             |                3 |             10 |
|  clk_625_BUFG  | st/pl/enemy_package_inst/u_enemy_master/u_reset2/anchor_x_reg[7]_0                           | st/pl/enemy_package_inst/u_enemy_master/u_reset/kill_all_pulse_0                                             |                2 |             10 |
|  clk_625_BUFG  | st/pl/enemy_package_inst/u_enemy_master/u_reset2/anchor_x_reg[7]_2                           | st/pl/enemy_package_inst/u_enemy_master/u_reset/kill_all_pulse_0                                             |                2 |             10 |
|  clk_625_BUFG  | st/pl/enemy_package_inst/u_enemy_master/u_reset2/anchor_x_reg[7]                             | st/pl/enemy_package_inst/u_enemy_master/u_reset/kill_all_pulse_0                                             |                3 |             10 |
|  clk_625_BUFG  | st/pl/hp/HP[5]_i_1_n_0                                                                       | st/reset                                                                                                     |                2 |             12 |
|  clk_625_BUFG  | st/pl/enemy_package_inst/u_enemy_master/u_reset2/random_num_3[5]_i_1__0_n_0                  |                                                                                                              |                3 |             12 |
|  clk_625_BUFG  |                                                                                              | st/pl/pu/red_flag                                                                                            |                4 |             12 |
|  clk_625_BUFG  | st/pl/enemy_package_inst/u_enemy_master/u_reset/accept                                       |                                                                                                              |                2 |             12 |
|  clk_625_BUFG  | st/pl/enemy_package_inst/u_enemy_master/u_reset/random_num_4[5]_i_1_n_0                      |                                                                                                              |                3 |             12 |
|  clk_625_BUFG  | st/pl/enemy_package_inst/u_enemy_master/u_reset/random_num_5[5]_i_1_n_0                      |                                                                                                              |                1 |             12 |
|  clk_625_BUFG  | st/en/y[5]_i_1_n_0                                                                           | oled/frame_begin                                                                                             |                2 |             12 |
|  clk_625_BUFG  | st/pl/enemy_package_inst/u_enemy_master/u_reset/random_num_2[5]_i_1_n_0                      |                                                                                                              |                3 |             12 |
|  clk_625_BUFG  | st/pl/enemy_package_inst/u_enemy_master/u_reset/random_num_3[5]_i_1_n_0                      |                                                                                                              |                3 |             12 |
|  clk_625_BUFG  | st/pl/enemy_package_inst/u_enemy_master/u_reset/random_num_1[5]_i_1_n_0                      |                                                                                                              |                3 |             12 |
|  clk_625_BUFG  | st/pl/enemy_package_inst/u_enemy_master/u_reset/E[0]                                         |                                                                                                              |                3 |             12 |
|  clk_625_BUFG  | st/pl/enemy_package_inst/u_enemy_master/u_reset/anchor_y_reg[0]_2[0]                         |                                                                                                              |                2 |             12 |
|  clk_625_BUFG  | st/pl/enemy_package_inst/u_enemy_master/u_reset/anchor_y_reg[0]_0[0]                         |                                                                                                              |                5 |             12 |
|  clk_625_BUFG  | st/pl/enemy_package_inst/u_enemy_master/u_reset/anchor_y_reg[0][0]                           |                                                                                                              |                3 |             12 |
|  clk_625_BUFG  | st/pl/enemy_package_inst/u_enemy_master/u_reset/anchor_y_reg[0]_1[0]                         |                                                                                                              |                3 |             12 |
|  clk_625_BUFG  | st/pl/enemy_package_inst/u_enemy_master/u_reset2/accept                                      |                                                                                                              |                2 |             12 |
|  clk_625_BUFG  | st/pl/enemy_package_inst/u_enemy_master/u_reset2/random_num_5[5]_i_1__0_n_0                  |                                                                                                              |                3 |             12 |
|  clk_625_BUFG  | st/pl/enemy_package_inst/u_enemy_master/u_reset2/random_num_2[5]_i_1__0_n_0                  |                                                                                                              |                3 |             12 |
|  clk_625_BUFG  | st/pl/enemy_package_inst/u_enemy_master/u_reset2/random_num_1[5]_i_1__0_n_0                  |                                                                                                              |                2 |             12 |
|  clk_625_BUFG  | st/pl/enemy_package_inst/u_enemy_master/u_reset2/random_num_4[5]_i_1__0_n_0                  |                                                                                                              |                3 |             12 |
|  clk_625_BUFG  | st/pl/enemy_package_inst/u_enemy_master/boss_unit_inst/boss_move_inst/anchor_y[6]_i_2_n_0    | st/pl/enemy_package_inst/u_enemy_master/boss_unit_inst/boss_move_inst/anchor_y[6]_i_1_n_0                    |                5 |             14 |
|  clk_625_BUFG  | st/pl/sc/anode                                                                               |                                                                                                              |                4 |             14 |
|  clk_625_BUFG  | st/pl/enemy_package_inst/u_enemy_master/enemy2/anchor_y_reg[6]_1[0]                          |                                                                                                              |                3 |             14 |
|  clk_625_BUFG  | st/pl/enemy_package_inst/u_enemy_master/enemy2/E[0]                                          |                                                                                                              |                3 |             14 |
|  clk_625_BUFG  | st/pl/bu/bullet_xy_array[20]_i_1_n_0                                                         | st/pl/enemy_package_inst/u_enemy_master/boss_unit_inst/boss_position_check_inst/bullet_xy_array_reg[280][1]  |                4 |             14 |
|  clk_625_BUFG  | st/pl/bu/bullet_xy_array[237]_i_2_n_0                                                        | st/pl/enemy_package_inst/u_enemy_master/boss_unit_inst/boss_position_check_inst/bullet_xy_array_reg[280][15] |                3 |             14 |
|  clk_625_BUFG  | st/pl/bu/bullet_xy_array[153]_i_2_n_0                                                        | st/pl/enemy_package_inst/u_enemy_master/boss_unit_inst/boss_position_check_inst/bullet_xy_array_reg[280][10] |                3 |             14 |
|  clk_625_BUFG  | st/pl/bu/bullet_xy_array[188]_i_1_n_0                                                        | st/pl/enemy_package_inst/u_enemy_master/boss_unit_inst/boss_position_check_inst/bullet_xy_array_reg[280][12] |                2 |             14 |
|  clk_625_BUFG  | st/pl/bu/bullet_xy_array[272]_i_1_n_0                                                        | st/pl/enemy_package_inst/u_enemy_master/boss_unit_inst/boss_position_check_inst/bullet_xy_array_reg[280][18] |                3 |             14 |
|  clk_625_BUFG  | st/pl/bu/bullet_xy_array[69]_i_2_n_0                                                         | st/pl/enemy_package_inst/u_enemy_master/boss_unit_inst/boss_position_check_inst/bullet_xy_array_reg[280][4]  |                4 |             14 |
|  clk_625_BUFG  | st/pl/bu/bullet_xy_array[279]_i_2_n_0                                                        | st/pl/enemy_package_inst/u_enemy_master/boss_unit_inst/boss_position_check_inst/bullet_xy_array_reg[280][18] |                4 |             14 |
|  clk_625_BUFG  | st/pl/bu/bullet_xy_array[230]_i_1_n_0                                                        | st/pl/enemy_package_inst/u_enemy_master/boss_unit_inst/boss_position_check_inst/bullet_xy_array_reg[280][15] |                1 |             14 |
|  clk_625_BUFG  | st/pl/bu/bullet_xy_array[27]_i_2_n_0                                                         | st/pl/enemy_package_inst/u_enemy_master/boss_unit_inst/boss_position_check_inst/bullet_xy_array_reg[280][1]  |                3 |             14 |
|  clk_625_BUFG  | st/pl/bu/bullet_xy_array[104]_i_1_n_0                                                        | st/pl/enemy_package_inst/u_enemy_master/boss_unit_inst/boss_position_check_inst/bullet_xy_array_reg[280][7]  |                1 |             14 |
|  clk_625_BUFG  | st/pl/bu/bullet_xy_array[111]_i_2_n_0                                                        | st/pl/enemy_package_inst/u_enemy_master/boss_unit_inst/boss_position_check_inst/bullet_xy_array_reg[280][7]  |                4 |             14 |
|  clk_625_BUFG  | st/pl/bu/bullet_xy_array[195]_i_2_n_0                                                        | st/pl/enemy_package_inst/u_enemy_master/boss_unit_inst/boss_position_check_inst/bullet_xy_array_reg[280][12] |                4 |             14 |
|  clk_625_BUFG  | st/pl/enemy_package_inst/u_enemy_master/enemy2/anchor_y_reg[6]_0[0]                          |                                                                                                              |                3 |             14 |
|  clk_625_BUFG  | st/pl/bu/bullet_xy_array[62]_i_1_n_0                                                         | st/pl/enemy_package_inst/u_enemy_master/boss_unit_inst/boss_position_check_inst/bullet_xy_array_reg[280][4]  |                2 |             14 |
|  clk_625_BUFG  | st/pl/enemy_package_inst/u_enemy_master/enemy2/anchor_y_reg[6][0]                            |                                                                                                              |                2 |             14 |
|  clk_625_BUFG  | st/pl/enemy_package_inst/u_enemy_master/u_reset2/anchor_y_reg[0][0]                          |                                                                                                              |                3 |             14 |
|  clk_625_BUFG  | st/pl/bu/bullet_xy_array[146]_i_1_n_0                                                        | st/pl/enemy_package_inst/u_enemy_master/boss_unit_inst/boss_position_check_inst/bullet_xy_array_reg[280][10] |                2 |             14 |
|  clk_625_BUFG  | st/pl/star/centre_y[6]_i_1_n_0                                                               | st/reset                                                                                                     |                4 |             14 |
|  clk_625_BUFG  | oled/E[0]                                                                                    | oled/frame_begin                                                                                             |                4 |             16 |
|  clk_625_BUFG  |                                                                                              | st/pl/enemy_package_inst/u_enemy_master/u_reset/kill_all_pulse_0                                             |                4 |             20 |
|  clk_625_BUFG  | st/pl/bu/bullet_xy_array[251]_i_2_n_0                                                        | st/pl/enemy_package_inst/u_enemy_master/boss_unit_inst/boss_position_check_inst/bullet_xy_array_reg[280][16] |                8 |             28 |
|  clk_625_BUFG  | st/pl/bu/bullet_xy_array[209]_i_2_n_0                                                        | st/pl/bu/bullet_xy_array[181]_i_1_n_0                                                                        |               10 |             28 |
|  clk_625_BUFG  | st/pl/bu/bullet_xy_array[209]_i_2_n_0                                                        | st/pl/enemy_package_inst/u_enemy_master/boss_unit_inst/boss_position_check_inst/bullet_xy_array_reg[280][13] |                8 |             28 |
|  clk_625_BUFG  | st/pl/bu/bullet_xy_array[41]_i_2_n_0                                                         | st/pl/enemy_package_inst/u_enemy_master/boss_unit_inst/boss_position_check_inst/bullet_xy_array_reg[280][2]  |                7 |             28 |
|  clk_625_BUFG  | st/pl/bu/bullet_xy_array[41]_i_2_n_0                                                         | st/pl/enemy_package_inst/u_enemy_master/boss_unit_inst/boss_position_check_inst/bullet_xy_array_reg[280][0]  |                8 |             28 |
|  clk_625_BUFG  | st/pl/bu/bullet_xy_array[293]_i_2_n_0                                                        | st/pl/enemy_package_inst/u_enemy_master/boss_unit_inst/boss_position_check_inst/bullet_xy_array_reg[280][19] |                8 |             28 |
|  clk_625_BUFG  | st/pl/bu/bullet_xy_array[293]_i_2_n_0                                                        | st/pl/enemy_package_inst/u_enemy_master/boss_unit_inst/boss_position_check_inst/bullet_xy_array_reg[280][17] |                8 |             28 |
|  clk_625_BUFG  | st/pl/bu/bullet_xy_array[167]_i_2_n_0                                                        | st/pl/enemy_package_inst/u_enemy_master/boss_unit_inst/boss_position_check_inst/bullet_xy_array_reg[280][11] |                7 |             28 |
|  clk_625_BUFG  | st/pl/bu/bullet_xy_array[167]_i_2_n_0                                                        | st/pl/enemy_package_inst/u_enemy_master/boss_unit_inst/boss_position_check_inst/bullet_xy_array_reg[280][9]  |                7 |             28 |
|  clk_625_BUFG  | st/pl/bu/bullet_xy_array[251]_i_2_n_0                                                        | st/pl/enemy_package_inst/u_enemy_master/boss_unit_inst/boss_position_check_inst/bullet_xy_array_reg[280][14] |                6 |             28 |
|  clk_625_BUFG  |                                                                                              | st/sta/xy/SS[0]                                                                                              |                5 |             28 |
|  clk_625_BUFG  | st/pl/bu/bullet_xy_array[83]_i_2_n_0                                                         | st/pl/enemy_package_inst/u_enemy_master/boss_unit_inst/boss_position_check_inst/bullet_xy_array_reg[280][3]  |                7 |             28 |
|  clk_625_BUFG  | st/pl/bu/bullet_xy_array[83]_i_2_n_0                                                         | st/pl/enemy_package_inst/u_enemy_master/boss_unit_inst/boss_position_check_inst/bullet_xy_array_reg[280][5]  |                7 |             28 |
|  clk_625_BUFG  | st/pl/bu/bullet_xy_array[125]_i_2_n_0                                                        | st/pl/enemy_package_inst/u_enemy_master/boss_unit_inst/boss_position_check_inst/bullet_xy_array_reg[280][6]  |                8 |             28 |
|  clk_625_BUFG  | st/pl/bu/bullet_xy_array[125]_i_2_n_0                                                        | st/pl/enemy_package_inst/u_enemy_master/boss_unit_inst/boss_position_check_inst/bullet_xy_array_reg[280][8]  |                8 |             28 |
|  clk_625_BUFG  |                                                                                              | st/pl/sc/anode                                                                                               |                4 |             30 |
| ~clk_625_BUFG  |                                                                                              | oled/frame_counter[16]_i_1_n_0                                                                               |                5 |             34 |
|  clk_625_BUFG  | st/pl/sc/start_count_reg_n_0                                                                 | st/pl/sc/counter_[17]_i_1_n_0                                                                                |                4 |             36 |
| ~clk_625_BUFG  | oled/delay[0]_i_1_n_0                                                                        |                                                                                                              |                5 |             40 |
|  clk_625_BUFG  |                                                                                              | st/reset                                                                                                     |               10 |             44 |
|  clk_625_BUFG  | st/u0/counter[0]_i_1__0_n_0                                                                  | st/u0/btn_pulse0                                                                                             |                6 |             46 |
|  clk_625_BUFG  | st/pl/enemy_package_inst/u_move_pulse/cnt_reg[31]_0                                          | st/pl/enemy_package_inst/u_enemy_master/u_reset/cnt                                                          |                6 |             46 |
|  clk_625_BUFG  | st/u1/counter[0]_i_1__1_n_0                                                                  | st/u1/btn_pulse0                                                                                             |                6 |             46 |
|  clk_625_BUFG  | st/di/cnt_reg_0_sn_1                                                                         | st/pl/enemy_package_inst/u_enemy_master/u_reset2/cnt                                                         |                7 |             50 |
|  clk_625_BUFG  | st/pl/bu/CD[0]_i_2_n_0                                                                       | st/pl/bu/p_1_in                                                                                              |                7 |             50 |
|  clk_625_BUFG  | st/pl/hp/shield_counter[25]_i_1_n_0                                                          | st/reset                                                                                                     |                9 |             52 |
|  clk_625_BUFG  | st/di/counter[30]_i_2_n_0                                                                    | st/di/counter[30]_i_1_n_0                                                                                    |                8 |             60 |
|  clk_625_BUFG  | st/pl/enemy_package_inst/u_move_pulse/cnt_reg[31]_0                                          | st/pl/enemy_package_inst/u_move_pulse/cnt[0]_i_1__1_n_0                                                      |                8 |             64 |
| ~clk_625_BUFG  | oled/state                                                                                   |                                                                                                              |                8 |             64 |
| ~clk_625_BUFG  |                                                                                              | oled/spi_word[39]_i_1_n_0                                                                                    |               16 |             90 |
|  clk_625_BUFG  |                                                                                              |                                                                                                              |               99 |            422 |
+----------------+----------------------------------------------------------------------------------------------+--------------------------------------------------------------------------------------------------------------+------------------+----------------+


