#-----------------------------------------------------------
# Vivado v2018.2 (64-bit)
# SW Build 2258646 on Thu Jun 14 20:03:12 MDT 2018
# IP Build 2256618 on Thu Jun 14 22:10:49 MDT 2018
# Start of session at: Sun Oct 26 13:21:25 2025
# Process ID: 25616
# Current directory: D:/github/EE2026-Star-War/project_1
# Command line: vivado.exe -gui_launcher_event rodinguilauncherevent12592 D:\github\EE2026-Star-War\project_1\project_1.xpr
# Log file: D:/github/EE2026-Star-War/project_1/vivado.log
# Journal file: D:/github/EE2026-Star-War/project_1\vivado.jou
#-----------------------------------------------------------
start_gui
open_project D:/github/EE2026-Star-War/project_1/project_1.xpr
update_compile_order -fileset sources_1
synth_design -rtl -name rtl_1
update_compile_order -fileset sources_1
reset_run synth_1
launch_runs impl_1 -to_step write_bitstream -jobs 11
wait_on_run impl_1
open_hw
connect_hw_server
open_hw_target
set_property PROGRAM.FILE {D:/github/EE2026-Star-War/project_1/project_1.runs/impl_1/Top_student.bit} [get_hw_devices xc7a35t_0]
current_hw_device [get_hw_devices xc7a35t_0]
refresh_hw_device -update_hw_probes false [lindex [get_hw_devices xc7a35t_0] 0]
set_property PROBES.FILE {} [get_hw_devices xc7a35t_0]
set_property FULL_PROBES.FILE {} [get_hw_devices xc7a35t_0]
set_property PROGRAM.FILE {D:/github/EE2026-Star-War/project_1/project_1.runs/impl_1/Top_student.bit} [get_hw_devices xc7a35t_0]
program_hw_devices [get_hw_devices xc7a35t_0]
refresh_hw_device [lindex [get_hw_devices xc7a35t_0] 0]
reset_run synth_1
launch_runs impl_1 -to_step write_bitstream -jobs 11
wait_on_run impl_1
reset_run synth_1
launch_runs impl_1 -to_step write_bitstream -jobs 11
wait_on_run impl_1
set_property PROBES.FILE {} [get_hw_devices xc7a35t_0]
set_property FULL_PROBES.FILE {} [get_hw_devices xc7a35t_0]
set_property PROGRAM.FILE {D:/github/EE2026-Star-War/project_1/project_1.runs/impl_1/Top_student.bit} [get_hw_devices xc7a35t_0]
program_hw_devices [get_hw_devices xc7a35t_0]
refresh_hw_device [lindex [get_hw_devices xc7a35t_0] 0]
set_property needs_refresh false [get_runs synth_1]
set_property needs_refresh false [get_runs impl_1]
set_property PROBES.FILE {} [get_hw_devices xc7a35t_0]
set_property FULL_PROBES.FILE {} [get_hw_devices xc7a35t_0]
set_property PROGRAM.FILE {D:/github/EE2026-Star-War/project_1/project_1.runs/impl_1/Top_student.bit} [get_hw_devices xc7a35t_0]
program_hw_devices [get_hw_devices xc7a35t_0]
refresh_hw_device [lindex [get_hw_devices xc7a35t_0] 0]
set_property PROBES.FILE {} [get_hw_devices xc7a35t_0]
set_property FULL_PROBES.FILE {} [get_hw_devices xc7a35t_0]
set_property PROGRAM.FILE {D:/github/EE2026-Star-War/project_1/project_1.runs/impl_1/Top_student.bit} [get_hw_devices xc7a35t_0]
program_hw_devices [get_hw_devices xc7a35t_0]
refresh_hw_device [lindex [get_hw_devices xc7a35t_0] 0]
close_hw
set_property needs_refresh false [get_runs synth_1]
set_property needs_refresh false [get_runs impl_1]
reset_run impl_1 -prev_step 
launch_runs impl_1 -to_step write_bitstream -jobs 11
wait_on_run impl_1
open_hw
connect_hw_server
open_hw_target
set_property PROGRAM.FILE {D:/github/EE2026-Star-War/project_1/project_1.runs/impl_1/Top_student.bit} [get_hw_devices xc7a35t_0]
current_hw_device [get_hw_devices xc7a35t_0]
refresh_hw_device -update_hw_probes false [lindex [get_hw_devices xc7a35t_0] 0]
set_property PROBES.FILE {} [get_hw_devices xc7a35t_0]
set_property FULL_PROBES.FILE {} [get_hw_devices xc7a35t_0]
set_property PROGRAM.FILE {D:/github/EE2026-Star-War/project_1/project_1.runs/impl_1/Top_student.bit} [get_hw_devices xc7a35t_0]
program_hw_devices [get_hw_devices xc7a35t_0]
refresh_hw_device [lindex [get_hw_devices xc7a35t_0] 0]
reset_run synth_1
launch_runs impl_1 -to_step write_bitstream -jobs 11
wait_on_run impl_1
set_property PROBES.FILE {} [get_hw_devices xc7a35t_0]
set_property FULL_PROBES.FILE {} [get_hw_devices xc7a35t_0]
set_property PROGRAM.FILE {D:/github/EE2026-Star-War/project_1/project_1.runs/impl_1/Top_student.bit} [get_hw_devices xc7a35t_0]
program_hw_devices [get_hw_devices xc7a35t_0]
refresh_hw_device [lindex [get_hw_devices xc7a35t_0] 0]
set_property needs_refresh false [get_runs synth_1]
set_property needs_refresh false [get_runs impl_1]
reset_run impl_1 -prev_step 
launch_runs impl_1 -to_step write_bitstream -jobs 11
wait_on_run impl_1
set_property PROBES.FILE {} [get_hw_devices xc7a35t_0]
set_property FULL_PROBES.FILE {} [get_hw_devices xc7a35t_0]
set_property PROGRAM.FILE {D:/github/EE2026-Star-War/project_1/project_1.runs/impl_1/Top_student.bit} [get_hw_devices xc7a35t_0]
program_hw_devices [get_hw_devices xc7a35t_0]
refresh_hw_device [lindex [get_hw_devices xc7a35t_0] 0]
close_hw
reset_run synth_1
launch_runs impl_1 -to_step write_bitstream -jobs 11
wait_on_run impl_1
open_hw
connect_hw_server
open_hw_target
set_property PROGRAM.FILE {D:/github/EE2026-Star-War/project_1/project_1.runs/impl_1/Top_student.bit} [get_hw_devices xc7a35t_0]
current_hw_device [get_hw_devices xc7a35t_0]
refresh_hw_device -update_hw_probes false [lindex [get_hw_devices xc7a35t_0] 0]
set_property PROBES.FILE {} [get_hw_devices xc7a35t_0]
set_property FULL_PROBES.FILE {} [get_hw_devices xc7a35t_0]
set_property PROGRAM.FILE {D:/github/EE2026-Star-War/project_1/project_1.runs/impl_1/Top_student.bit} [get_hw_devices xc7a35t_0]
program_hw_devices [get_hw_devices xc7a35t_0]
refresh_hw_device [lindex [get_hw_devices xc7a35t_0] 0]
file mkdir D:/github/EE2026-Star-War/project_1/project_1.srcs/sim_1/new
set_property SOURCE_SET sources_1 [get_filesets sim_1]
close [ open D:/github/EE2026-Star-War/project_1/project_1.srcs/sim_1/new/test_pause.v w ]
add_files -fileset sim_1 D:/github/EE2026-Star-War/project_1/project_1.srcs/sim_1/new/test_pause.v
update_compile_order -fileset sim_1
close_hw
# Disabling source management mode.  This is to allow the top design properties to be set without GUI intervention.
set_property source_mgmt_mode None [current_project]
set_property top test_pause [get_filesets sim_1]
set_property top_lib xil_defaultlib [get_filesets sim_1]
# Re-enabling previously disabled source management mode.
set_property source_mgmt_mode All [current_project]
update_compile_order -fileset sim_1
launch_simulation
source test_pause.tcl
close_sim
launch_simulation
source test_pause.tcl
update_compile_order -fileset sim_1
launch_simulation
source Top_student.tcl
# Disabling source management mode.  This is to allow the top design properties to be set without GUI intervention.
set_property source_mgmt_mode None [current_project]
set_property top test_pause [get_filesets sim_1]
set_property top_lib xil_defaultlib [get_filesets sim_1]
# Re-enabling previously disabled source management mode.
set_property source_mgmt_mode All [current_project]
update_compile_order -fileset sim_1
current_sim simulation_2
close_sim
launch_simulation
source test_pause.tcl
set_property needs_refresh false [get_runs synth_1]
set_property needs_refresh false [get_runs impl_1]
close_sim
launch_simulation
source test_pause.tcl
close_sim
launch_simulation
source test_pause.tcl
reset_run impl_1 -prev_step 
launch_runs impl_1 -to_step write_bitstream -jobs 11
wait_on_run impl_1
close_sim
close_sim
open_hw
connect_hw_server
open_hw_target
set_property PROGRAM.FILE {D:/github/EE2026-Star-War/project_1/project_1.runs/impl_1/Top_student.bit} [get_hw_devices xc7a35t_0]
current_hw_device [get_hw_devices xc7a35t_0]
refresh_hw_device -update_hw_probes false [lindex [get_hw_devices xc7a35t_0] 0]
set_property PROBES.FILE {} [get_hw_devices xc7a35t_0]
set_property FULL_PROBES.FILE {} [get_hw_devices xc7a35t_0]
set_property PROGRAM.FILE {D:/github/EE2026-Star-War/project_1/project_1.runs/impl_1/Top_student.bit} [get_hw_devices xc7a35t_0]
program_hw_devices [get_hw_devices xc7a35t_0]
refresh_hw_device [lindex [get_hw_devices xc7a35t_0] 0]
close_hw
launch_simulation
source test_pause.tcl
export_ip_user_files -of_objects  [get_files D:/github/EE2026-Star-War/project_1/project_1.srcs/sim_1/new/test_pause.v] -no_script -reset -force -quiet
remove_files  -fileset sim_1 D:/github/EE2026-Star-War/project_1/project_1.srcs/sim_1/new/test_pause.v
open_hw
connect_hw_server
open_hw_target
set_property PROGRAM.FILE {D:/github/EE2026-Star-War/project_1/project_1.runs/impl_1/Top_student.bit} [get_hw_devices xc7a35t_0]
current_hw_device [get_hw_devices xc7a35t_0]
refresh_hw_device -update_hw_probes false [lindex [get_hw_devices xc7a35t_0] 0]
set_property PROBES.FILE {} [get_hw_devices xc7a35t_0]
set_property FULL_PROBES.FILE {} [get_hw_devices xc7a35t_0]
set_property PROGRAM.FILE {D:/github/EE2026-Star-War/project_1/project_1.runs/impl_1/Top_student.bit} [get_hw_devices xc7a35t_0]
program_hw_devices [get_hw_devices xc7a35t_0]
refresh_hw_device [lindex [get_hw_devices xc7a35t_0] 0]
close_hw
set_property SOURCE_SET sources_1 [get_filesets sim_1]
close [ open D:/github/EE2026-Star-War/project_1/project_1.srcs/sim_1/new/test.v w ]
add_files -fileset sim_1 D:/github/EE2026-Star-War/project_1/project_1.srcs/sim_1/new/test.v
update_compile_order -fileset sim_1
# Disabling source management mode.  This is to allow the top design properties to be set without GUI intervention.
set_property source_mgmt_mode None [current_project]
set_property top test [get_filesets sim_1]
set_property top_lib xil_defaultlib [get_filesets sim_1]
# Re-enabling previously disabled source management mode.
set_property source_mgmt_mode All [current_project]
update_compile_order -fileset sim_1
export_ip_user_files -of_objects  [get_files D:/github/EE2026-Star-War/project_1/project_1.srcs/sources_1/new/clk_250.v] -no_script -reset -force -quiet
remove_files  D:/github/EE2026-Star-War/project_1/project_1.srcs/sources_1/new/clk_250.v
file delete -force D:/github/EE2026-Star-War/project_1/project_1.srcs/sources_1/new/clk_250.v
launch_simulation
source test.tcl
reset_run impl_1 -prev_step 
launch_runs impl_1 -to_step write_bitstream -jobs 11
wait_on_run impl_1
reset_run impl_1 -prev_step 
reset_run impl_1 -prev_step 
close_sim
close_sim
